2025-04-09T14:32:49.679-05:00  INFO 25304 --- [nuevaeps] [main] c.nuevaeps.contrato.NuevaEPSApplication  : Starting NuevaEPSApplication using Java 17.0.6 with PID 25304 (D:\workspace-spring-tool-suite-4-4.17.0.RELEASE\nuevaeps\target\classes started by pipo0 in D:\workspace-spring-tool-suite-4-4.17.0.RELEASE\nuevaeps)
2025-04-09T14:32:49.683-05:00  INFO 25304 --- [nuevaeps] [main] c.nuevaeps.contrato.NuevaEPSApplication  : No active profile set, falling back to 1 default profile: "default"
2025-04-09T14:32:50.967-05:00  INFO 25304 --- [nuevaeps] [main] .s.d.r.c.RepositoryConfigurationDelegate : Bootstrapping Spring Data JPA repositories in DEFAULT mode.
2025-04-09T14:32:51.057-05:00  INFO 25304 --- [nuevaeps] [main] .s.d.r.c.RepositoryConfigurationDelegate : Finished Spring Data repository scanning in 79 ms. Found 1 JPA repository interface.
2025-04-09T14:32:51.940-05:00  INFO 25304 --- [nuevaeps] [main] o.s.b.w.embedded.tomcat.TomcatWebServer  : Tomcat initialized with port 8080 (http)
2025-04-09T14:32:51.958-05:00  INFO 25304 --- [nuevaeps] [main] o.apache.catalina.core.StandardService   : Starting service [Tomcat]
2025-04-09T14:32:51.959-05:00  INFO 25304 --- [nuevaeps] [main] o.apache.catalina.core.StandardEngine    : Starting Servlet engine: [Apache Tomcat/10.1.19]
2025-04-09T14:32:52.125-05:00  INFO 25304 --- [nuevaeps] [main] o.a.c.c.C.[Tomcat].[localhost].[/]       : Initializing Spring embedded WebApplicationContext
2025-04-09T14:32:52.126-05:00  INFO 25304 --- [nuevaeps] [main] w.s.c.ServletWebServerApplicationContext : Root WebApplicationContext: initialization completed in 2367 ms
2025-04-09T14:32:52.361-05:00  INFO 25304 --- [nuevaeps] [main] o.hibernate.jpa.internal.util.LogHelper  : HHH000204: Processing PersistenceUnitInfo [name: default]
2025-04-09T14:32:52.430-05:00  INFO 25304 --- [nuevaeps] [main] org.hibernate.Version                    : HHH000412: Hibernate ORM core version 6.4.4.Final
2025-04-09T14:32:52.470-05:00  INFO 25304 --- [nuevaeps] [main] o.h.c.internal.RegionFactoryInitiator    : HHH000026: Second-level cache disabled
2025-04-09T14:32:52.748-05:00  INFO 25304 --- [nuevaeps] [main] o.s.o.j.p.SpringPersistenceUnitInfo      : No LoadTimeWeaver setup: ignoring JPA class transformer
2025-04-09T14:32:52.779-05:00  INFO 25304 --- [nuevaeps] [main] com.zaxxer.hikari.HikariDataSource       : HikariPool-1 - Starting...
2025-04-09T14:32:53.070-05:00  INFO 25304 --- [nuevaeps] [main] com.zaxxer.hikari.pool.HikariPool        : HikariPool-1 - Added connection org.postgresql.jdbc.PgConnection@4b07cad0
2025-04-09T14:32:53.074-05:00  INFO 25304 --- [nuevaeps] [main] com.zaxxer.hikari.HikariDataSource       : HikariPool-1 - Start completed.
2025-04-09T14:32:53.146-05:00  WARN 25304 --- [nuevaeps] [main] org.hibernate.orm.deprecation            : HHH90000025: PostgreSQLDialect does not need to be specified explicitly using 'hibernate.dialect' (remove the property setting and it will be selected by default)
2025-04-09T14:32:54.155-05:00  INFO 25304 --- [nuevaeps] [main] o.h.e.t.j.p.i.JtaPlatformInitiator       : HHH000489: No JTA platform available (set 'hibernate.transaction.jta.platform' to enable JTA platform integration)
2025-04-09T14:32:54.235-05:00  INFO 25304 --- [nuevaeps] [main] j.LocalContainerEntityManagerFactoryBean : Initialized JPA EntityManagerFactory for persistence unit 'default'
2025-04-09T14:32:54.736-05:00  WARN 25304 --- [nuevaeps] [main] JpaBaseConfiguration$JpaWebConfiguration : spring.jpa.open-in-view is enabled by default. Therefore, database queries may be performed during view rendering. Explicitly configure spring.jpa.open-in-view to disable this warning
2025-04-09T14:32:54.776-05:00  INFO 25304 --- [nuevaeps] [main] o.s.b.a.w.s.WelcomePageHandlerMapping    : Adding welcome page template: index
2025-04-09T14:32:56.408-05:00  INFO 25304 --- [nuevaeps] [main] o.s.b.w.embedded.tomcat.TomcatWebServer  : Tomcat started on port 8080 (http) with context path ''
2025-04-09T14:32:56.425-05:00  INFO 25304 --- [nuevaeps] [main] c.nuevaeps.contrato.NuevaEPSApplication  : Started NuevaEPSApplication in 7.295 seconds (process running for 8.261)
2025-04-09T14:33:08.464-05:00  INFO 25304 --- [nuevaeps] [http-nio-8080-exec-1] o.a.c.c.C.[Tomcat].[localhost].[/]       : Initializing Spring DispatcherServlet 'dispatcherServlet'
2025-04-09T14:33:08.465-05:00  INFO 25304 --- [nuevaeps] [http-nio-8080-exec-1] o.s.web.servlet.DispatcherServlet        : Initializing Servlet 'dispatcherServlet'
2025-04-09T14:33:08.466-05:00  INFO 25304 --- [nuevaeps] [http-nio-8080-exec-1] o.s.web.servlet.DispatcherServlet        : Completed initialization in 1 ms
2025-04-09T14:33:09.415-05:00  INFO 25304 --- [nuevaeps] [http-nio-8080-exec-7] o.springdoc.api.AbstractOpenApiResource  : Init duration for springdoc-openapi is: 515 ms
